#-----------------------------------------------------------
# Webtalk v2020.2 (64-bit)
# SW Build 3064766 on Wed Nov 18 09:12:45 MST 2020
# IP Build 3064653 on Wed Nov 18 14:17:31 MST 2020
# Start of session at: Thu Mar 18 13:20:11 2021
# Process ID: 976
# Current directory: E:/class/Master of ANU/6213_Digital Systems and Microprocessors/my_6213/lab3/single_seven_segment_display/single_seven_segment_display.sim/sim_1/behav/xsim
# Command line: wbtcv.exe -mode batch -source E:/class/Master of ANU/6213_Digital Systems and Microprocessors/my_6213/lab3/single_seven_segment_display/single_seven_segment_display.sim/sim_1/behav/xsim/xsim.dir/TEST_heartbeat_behav/webtalk/xsim_webtalk.tcl -notrace
# Log file: E:/class/Master of ANU/6213_Digital Systems and Microprocessors/my_6213/lab3/single_seven_segment_display/single_seven_segment_display.sim/sim_1/behav/xsim/webtalk.log
# Journal file: E:/class/Master of ANU/6213_Digital Systems and Microprocessors/my_6213/lab3/single_seven_segment_display/single_seven_segment_display.sim/sim_1/behav/xsim\webtalk.jou
#-----------------------------------------------------------
source E:/class/Master -notrace
