#-----------------------------------------------------------
# Vivado v2020.2 (64-bit)
# SW Build 3064766 on Wed Nov 18 09:12:45 MST 2020
# IP Build 3064653 on Wed Nov 18 14:17:31 MST 2020
# Start of session at: Fri Mar 19 11:44:30 2021
# Process ID: 13900
# Current directory: E:/class/Master of ANU/6213_Digital Systems and Microprocessors/my_6213/lab3/single_seven_segment_display
# Command line: vivado.exe -gui_launcher_event rodinguilauncherevent15040 E:\class\Master of ANU\6213_Digital Systems and Microprocessors\my_6213\lab3\single_seven_segment_display\single_seven_segment_display.xpr
# Log file: E:/class/Master of ANU/6213_Digital Systems and Microprocessors/my_6213/lab3/single_seven_segment_display/vivado.log
# Journal file: E:/class/Master of ANU/6213_Digital Systems and Microprocessors/my_6213/lab3/single_seven_segment_display\vivado.jou
#-----------------------------------------------------------
start_gui
open_project {E:/class/Master of ANU/6213_Digital Systems and Microprocessors/my_6213/lab3/single_seven_segment_display/single_seven_segment_display.xpr}
update_compile_order -fileset sources_1
launch_simulation
source TEST_heartbeat.tcl
close_sim
